// Jest Snapshot v1, https://goo.gl/fbAQLP

exports[`Component: PaymentDetailsTable PaymentDetailsTable should render correctly 1`] = `
ShallowWrapper {
  "length": 1,
  Symbol(enzyme.__root__): [Circular],
  Symbol(enzyme.__unrendered__): <PaymentDetails />,
  Symbol(enzyme.__renderer__): Object {
    "batchedUpdates": [Function],
    "getNode": [Function],
    "render": [Function],
    "simulateEvent": [Function],
    "unmount": [Function],
  },
  Symbol(enzyme.__node__): Object {
    "instance": null,
    "key": undefined,
    "nodeType": "host",
    "props": Object {
      "children": Array [
        <h3>
          Payment details
        </h3>,
        <table>
          <thead>
            <tr>
              <th>
                Payment Method
              </th>
              <th>
                Preferred / Accepted
              </th>
            </tr>
          </thead>
          <tbody>
            <tr>
              <td>
                <img
                  src="https://s3.us-east-2.amazonaws.com/shippingbillingcomponent/paypalOptions.jpeg"
                />
              </td>
              <td>
                PayPal Preferred
              </td>
            </tr>
          </tbody>
        </table>,
      ],
      "className": undefined,
    },
    "ref": null,
    "rendered": Array [
      Object {
        "instance": null,
        "key": undefined,
        "nodeType": "host",
        "props": Object {
          "children": "Payment details",
        },
        "ref": null,
        "rendered": "Payment details",
        "type": "h3",
      },
      Object {
        "instance": null,
        "key": undefined,
        "nodeType": "host",
        "props": Object {
          "children": Array [
            <thead>
              <tr>
                <th>
                  Payment Method
                </th>
                <th>
                  Preferred / Accepted
                </th>
              </tr>
            </thead>,
            <tbody>
              <tr>
                <td>
                  <img
                    src="https://s3.us-east-2.amazonaws.com/shippingbillingcomponent/paypalOptions.jpeg"
                  />
                </td>
                <td>
                  PayPal Preferred
                </td>
              </tr>
            </tbody>,
          ],
          "className": undefined,
        },
        "ref": null,
        "rendered": Array [
          Object {
            "instance": null,
            "key": undefined,
            "nodeType": "host",
            "props": Object {
              "children": <tr>
                <th>
                  Payment Method
                </th>
                <th>
                  Preferred / Accepted
                </th>
              </tr>,
            },
            "ref": null,
            "rendered": Object {
              "instance": null,
              "key": undefined,
              "nodeType": "host",
              "props": Object {
                "children": Array [
                  <th>
                    Payment Method
                  </th>,
                  <th>
                    Preferred / Accepted
                  </th>,
                ],
                "className": undefined,
              },
              "ref": null,
              "rendered": Array [
                Object {
                  "instance": null,
                  "key": undefined,
                  "nodeType": "host",
                  "props": Object {
                    "children": "Payment Method",
                  },
                  "ref": null,
                  "rendered": "Payment Method",
                  "type": "th",
                },
                Object {
                  "instance": null,
                  "key": undefined,
                  "nodeType": "host",
                  "props": Object {
                    "children": "Preferred / Accepted",
                  },
                  "ref": null,
                  "rendered": "Preferred / Accepted",
                  "type": "th",
                },
              ],
              "type": "tr",
            },
            "type": "thead",
          },
          Object {
            "instance": null,
            "key": undefined,
            "nodeType": "host",
            "props": Object {
              "children": <tr>
                <td>
                  <img
                    src="https://s3.us-east-2.amazonaws.com/shippingbillingcomponent/paypalOptions.jpeg"
                  />
                </td>
                <td>
                  PayPal Preferred
                </td>
              </tr>,
            },
            "ref": null,
            "rendered": Object {
              "instance": null,
              "key": undefined,
              "nodeType": "host",
              "props": Object {
                "children": Array [
                  <td>
                    <img
                      src="https://s3.us-east-2.amazonaws.com/shippingbillingcomponent/paypalOptions.jpeg"
                    />
                  </td>,
                  <td>
                    PayPal Preferred
                  </td>,
                ],
              },
              "ref": null,
              "rendered": Array [
                Object {
                  "instance": null,
                  "key": undefined,
                  "nodeType": "host",
                  "props": Object {
                    "children": <img
                      src="https://s3.us-east-2.amazonaws.com/shippingbillingcomponent/paypalOptions.jpeg"
                    />,
                  },
                  "ref": null,
                  "rendered": Object {
                    "instance": null,
                    "key": undefined,
                    "nodeType": "host",
                    "props": Object {
                      "className": undefined,
                      "src": "https://s3.us-east-2.amazonaws.com/shippingbillingcomponent/paypalOptions.jpeg",
                    },
                    "ref": null,
                    "rendered": null,
                    "type": "img",
                  },
                  "type": "td",
                },
                Object {
                  "instance": null,
                  "key": undefined,
                  "nodeType": "host",
                  "props": Object {
                    "children": "PayPal Preferred",
                  },
                  "ref": null,
                  "rendered": "PayPal Preferred",
                  "type": "td",
                },
              ],
              "type": "tr",
            },
            "type": "tbody",
          },
        ],
        "type": "table",
      },
    ],
    "type": "div",
  },
  Symbol(enzyme.__nodes__): Array [
    Object {
      "instance": null,
      "key": undefined,
      "nodeType": "host",
      "props": Object {
        "children": Array [
          <h3>
            Payment details
          </h3>,
          <table>
            <thead>
              <tr>
                <th>
                  Payment Method
                </th>
                <th>
                  Preferred / Accepted
                </th>
              </tr>
            </thead>
            <tbody>
              <tr>
                <td>
                  <img
                    src="https://s3.us-east-2.amazonaws.com/shippingbillingcomponent/paypalOptions.jpeg"
                  />
                </td>
                <td>
                  PayPal Preferred
                </td>
              </tr>
            </tbody>
          </table>,
        ],
        "className": undefined,
      },
      "ref": null,
      "rendered": Array [
        Object {
          "instance": null,
          "key": undefined,
          "nodeType": "host",
          "props": Object {
            "children": "Payment details",
          },
          "ref": null,
          "rendered": "Payment details",
          "type": "h3",
        },
        Object {
          "instance": null,
          "key": undefined,
          "nodeType": "host",
          "props": Object {
            "children": Array [
              <thead>
                <tr>
                  <th>
                    Payment Method
                  </th>
                  <th>
                    Preferred / Accepted
                  </th>
                </tr>
              </thead>,
              <tbody>
                <tr>
                  <td>
                    <img
                      src="https://s3.us-east-2.amazonaws.com/shippingbillingcomponent/paypalOptions.jpeg"
                    />
                  </td>
                  <td>
                    PayPal Preferred
                  </td>
                </tr>
              </tbody>,
            ],
            "className": undefined,
          },
          "ref": null,
          "rendered": Array [
            Object {
              "instance": null,
              "key": undefined,
              "nodeType": "host",
              "props": Object {
                "children": <tr>
                  <th>
                    Payment Method
                  </th>
                  <th>
                    Preferred / Accepted
                  </th>
                </tr>,
              },
              "ref": null,
              "rendered": Object {
                "instance": null,
                "key": undefined,
                "nodeType": "host",
                "props": Object {
                  "children": Array [
                    <th>
                      Payment Method
                    </th>,
                    <th>
                      Preferred / Accepted
                    </th>,
                  ],
                  "className": undefined,
                },
                "ref": null,
                "rendered": Array [
                  Object {
                    "instance": null,
                    "key": undefined,
                    "nodeType": "host",
                    "props": Object {
                      "children": "Payment Method",
                    },
                    "ref": null,
                    "rendered": "Payment Method",
                    "type": "th",
                  },
                  Object {
                    "instance": null,
                    "key": undefined,
                    "nodeType": "host",
                    "props": Object {
                      "children": "Preferred / Accepted",
                    },
                    "ref": null,
                    "rendered": "Preferred / Accepted",
                    "type": "th",
                  },
                ],
                "type": "tr",
              },
              "type": "thead",
            },
            Object {
              "instance": null,
              "key": undefined,
              "nodeType": "host",
              "props": Object {
                "children": <tr>
                  <td>
                    <img
                      src="https://s3.us-east-2.amazonaws.com/shippingbillingcomponent/paypalOptions.jpeg"
                    />
                  </td>
                  <td>
                    PayPal Preferred
                  </td>
                </tr>,
              },
              "ref": null,
              "rendered": Object {
                "instance": null,
                "key": undefined,
                "nodeType": "host",
                "props": Object {
                  "children": Array [
                    <td>
                      <img
                        src="https://s3.us-east-2.amazonaws.com/shippingbillingcomponent/paypalOptions.jpeg"
                      />
                    </td>,
                    <td>
                      PayPal Preferred
                    </td>,
                  ],
                },
                "ref": null,
                "rendered": Array [
                  Object {
                    "instance": null,
                    "key": undefined,
                    "nodeType": "host",
                    "props": Object {
                      "children": <img
                        src="https://s3.us-east-2.amazonaws.com/shippingbillingcomponent/paypalOptions.jpeg"
                      />,
                    },
                    "ref": null,
                    "rendered": Object {
                      "instance": null,
                      "key": undefined,
                      "nodeType": "host",
                      "props": Object {
                        "className": undefined,
                        "src": "https://s3.us-east-2.amazonaws.com/shippingbillingcomponent/paypalOptions.jpeg",
                      },
                      "ref": null,
                      "rendered": null,
                      "type": "img",
                    },
                    "type": "td",
                  },
                  Object {
                    "instance": null,
                    "key": undefined,
                    "nodeType": "host",
                    "props": Object {
                      "children": "PayPal Preferred",
                    },
                    "ref": null,
                    "rendered": "PayPal Preferred",
                    "type": "td",
                  },
                ],
                "type": "tr",
              },
              "type": "tbody",
            },
          ],
          "type": "table",
        },
      ],
      "type": "div",
    },
  ],
  Symbol(enzyme.__options__): Object {
    "adapter": ReactSixteenAdapter {
      "options": Object {
        "enableComponentDidUpdateOnSetState": true,
      },
    },
  },
}
`;
